c --- [ banner ] -------------------------------------------------------------
c 
c CaDiCaL SAT Solver
c Copyright (c) 2016-2026
c A. Biere, M. Fleury, N. Froleyks, K. Fazekas, F. Pollitt, T. Faller
c JKU Linz, University of Freiburg, TU Wien
c 
c Version 3.0.1 c60730422e758ef1cebe7aeddf2dda31c996bf04
c g++ (Ubuntu 11.4.0-1ubuntu1~22.04.3) 11.4.0 -Wall -Wextra -O3 -DNDEBUG
c Mon Aug 31 06:39:10 AM UTC 2026 Linux sirius.cs.rutgers.edu 5.15.0-173-generic x86_64
c 
c --- [ proof tracing ] ------------------------------------------------------
c 
c opening file to write 'solver_proof.drat'
c writing non-binary proof trace to 'solver_proof.drat'
c 
c --- [ parsing input ] ------------------------------------------------------
c 
c reading DIMACS file from 'branch1_maximal_union.cnf'
c opening file to read 'branch1_maximal_union.cnf'
c found 'p cnf 639290 1972360' header
c parsed 1972360 clauses in 6.04 seconds process time
c 
c --- [ options ] ------------------------------------------------------------
c 
c   --binary=false                 (different from default 'true')
c 
c --- [ solving ] ------------------------------------------------------------
c 
c time measured in process time since initialization
c 
c  seconds   reduction conflicts       size tier2         variables
c          MB    restarts   redundant    glue  trail            remaining
c           level     rate       size/glu tier1   irredundant
c 
c *  6.04 590  0 0   0  0    0    0 0.0 0 0 2 6  0% 1968999 637962 100%
c ) 20.26 773  0 0   0  0    0    0 0.0 0 0 2 6  0% 1968999 637962 100%
c { 32.42 788  0 0   0  0    0    0 0.0 0 0 2 6  0% 1968999 637962 100%
c i 33.68 798 39 0   2  3   64   57 1.5 3 2 2 6 33% 1968999 637961 100%
c - 42.02 836 156 1  32 24  308  123 5.2 178 34 2 6 60% 1966726 637961 100%
c i 49.79 855 171 1  57 22  654  295 6.1 235 39 2 6 65% 1966726 637679 100%
c } 55.39 858 123 1  74 18 1001  603 7.1 212 30 2 6 67% 1966726 637679 100%
c [ 55.39 858  0 1  74  0 1001  603 0.0 0 0 2 6  0% 1966726 637679 100%
c O 55.42 858 16 1  74 17 1002  604 1.5 3 2 2 6  5% 1966726 637679 100%
c i 55.43 858 17 1  74  3 1009  610 2.0 2 1 2 6  5% 1966726 637668 100%
c - 61.14 1235 48 2  74  3 1314  525 7.1 110 15 2 6 42% 1966141 637668 100%
c ] 78.51 1235 387 2  75  4 2577 1542 1.4 193 135 2 6 46% 1966141 637668 100%
c { 78.51 1235 123 2  75 18 2577 1542 7.1 212 30 2 6 67% 1966141 637668 100%
c O 86.47 1235 110 2  85 15 3003 1890 8.7 225 26 2 6 68% 1966141 637668 100%
c s 93.10 1209 120 2 114 17 3254 2070 7.6 216 29 2 6 69% 1966141 637668 100%
c e 98.19 1469 120 2 114 17 3254  506 7.6 216 29 2 6 69% 1953787 549581 86%
c s 98.93 1477 120 2 114 17 3254  506 7.6 216 29 2 6 69% 1953721 549581 86%
c e 100.14 1508 120 2 114 17 3254  505 7.6 216 29 2 6 69% 1953714 549574 86%
c - 105.88 1476 124 3 141 19 3392  436 6.8 207 30 2 6 76% 1953714 549574 86%
c p 123.19 1477 146 3 216 21 3970 2993 5.8 207 35 2 6 75% 1953714 549125 86%
c 
c  seconds      reduction conflicts        size   tier2         variables
c           MB      restarts   redundant      glue   trail            remaining
c              level     rate       size/glue   tier1   irredundant
c 
c u 127.98 1491 146 3 216 21 3970 2132 5.8 207 35 2 6 75% 1952367 549125 86%
c v 128.61 1491 146 3 216 21 3970 2130 5.8 207 35 2 6 75% 1952367 549125 86%
c w 128.97 1491 146 3 216 21 3970 2130 5.8 207 35 2 6 75% 1952367 549125 86%
c i 137.88 1491 153 3 251 20 4413 2376 5.3 200 38 2 6 72% 1952367 549124 86%
c i 142.87 1491 141 3 253 19 4702 2552 5.2 185 36 2 6 74% 1952367 548930 86%
c i 155.63 1491 122 3 270 15 5611 3311 6.3 201 32 2 3 72% 1952367 548733 86%
c # 168.51 1491 126 3 329 17 6021 3644 6.2 209 34 2 3 72% 1952367 548733 86%
c i 172.31 1491 123 3 331 16 6243 3739 6.1 202 33 2 3 70% 1952367 548538 86%
c - 183.56 1490 123 4 372 16 6727 1561 6.0 202 33 2 3 71% 1950737 548538 86%
c p 183.89 1490 123 4 372 16 6727 2291 6.0 202 33 2 3 71% 1950737 548108 86%
c k 184.15 1490 123 4 372 16 6727 2291 6.0 202 33 2 3 71% 1950737 548107 86%
c u 185.33 1490 123 4 372 16 6727 2271 6.0 202 33 2 3 71% 1950737 548107 86%
c v 185.94 1490 123 4 372 16 6727 2261 6.0 202 33 2 3 71% 1950737 548107 86%
c w 186.17 1490 123 4 372 16 6727 2261 6.0 202 33 2 3 71% 1950737 548107 86%
c } 194.71 1490 108 4 372 14 7609 2968 7.7 234 30 2 3 74% 1950737 548107 86%
c [ 194.71 1490 387 4 372  4 7609 2968 1.4 193 135 2 6 54% 1950737 548107 86%
c I 248.19 1490 264 4 373  3 10022 4949 1.7 198 115 2 3 60% 1950737 548107 86%
c s 253.93 1490 248 4 374  3 10574 5394 1.8 197 110 2 3 62% 1950187 548107 86%
c t 254.36 1490 248 4 374  3 10574 5393 1.8 197 110 2 3 62% 1950187 548107 86%
c e 256.22 1496 248 4 374  3 10574 5393 1.8 197 110 2 3 62% 1948857 548067 86%
c 
c  seconds      reductions conflicts        size    tier2         variables
c           MB      restarts    redundant       glue   trail            remaining
c              level     rate        size/glue    tier1   irredundant
c 
c s 256.26 1496 248 4 374  3 10574 5393 1.8 197 110 2 3 62% 1948857 548067 86%
c ^ 256.47 1496 248 4 374  3 10574 5393 1.8 197 110 2 3 62% 1948857 548067 86%
c i 264.87 1496 221 4 374  3 11263 5851 1.8 176 99 2 3 65% 1948857 547872 86%
c - 270.13 1496 215 5 374  3 11422 2457 1.8 173 96 2 3 65% 1948315 547872 86%
c p 270.99 1496 215 5 374  3 11422 20766 1.8 173 96 2 3 65% 1948315 547814 86%
c k 272.28 1496 215 5 374  3 11422 20766 1.8 173 96 2 3 65% 1948315 547808 86%
c u 276.03 1498 215 5 374  3 11422 20592 1.8 173 96 2 3 65% 1948129 547808 86%
c v 276.49 1498 215 5 374  3 11422 20581 1.8 173 96 2 3 65% 1948129 547808 86%
c w 276.72 1498 215 5 374  3 11422 20581 1.8 173 96 2 3 65% 1948129 547808 86%
c ] 299.96 1498 187 5 376  3 13347 22045 1.8 153 84 2 3 70% 1948129 547808 86%
c ? 299.96 1498 187 5 376  3 13347 22045 1.8 153 84 2 3 70% 1948129 547808 86%
c 
c --- [ closing proof ] ------------------------------------------------------
c 
c DRAT proof file 'solver_proof.drat' closed
c DRAT 953889 added clauses 50.03%
c DRAT 952727 deleted clauses 49.97%
c DRAT 922038097 bytes (879.32 MB)
c 
c --- [ result ] -------------------------------------------------------------
c 
c writing result to 'solver_result.sol'
c 
c --- [ run-time profiling ] -------------------------------------------------
c 
c process time taken by individual solving procedures
c (percentage relative to process time for solving)
c 
c       267.70   91.08% search
c       122.21   41.58% unstable
c       119.11   40.52% stable
c        26.38    8.98% lucky
c        26.21    8.92% simplify
c         7.54    2.56% elim
c         6.79    2.31% vivify
c         6.04    2.06% parse
c         4.72    1.61% sweep
c         1.85    0.63% congruence
c         1.54    0.52% subsume
c         0.90    0.31% probe
c         0.50    0.17% backbone
c         0.47    0.16% ternary
c   =================================
c       293.91   97.99% solve
c 
c last line shows process time for solving
c (percentage relative to total process time)
c 
c --- [ statistics ] ---------------------------------------------------------
c 
c chronological:              4940        37.01 %  of conflicts
c conflicts:                 13347        45.41    per second
c backbone:                5317092       831.72 %  of vars
c decisions:                105834       360.08    per second
c eliminated:                88134        13.79 %  of all variables
c fixed:                      3348         0.52 %  of all variables
c learned:                   11514        86.27 %  per conflict
c learned_lits:            3533698       100.00 %  learned literals
c minimized:                     0         0.00 %  learned literals
c shrunken:                 959169        27.14 %  learned literals
c minishrunken:             432179        12.23 %  learned literals
c otfs:                         67         0.50 %  of conflict
c propagations:         1216037481         4.14 M  per second
c reduced:                    4043        30.29 %  per conflict
c rephased:                      4      3336.75    interval
c restarts:                    376        35.50    interval
c stabilizing:                   2        54.71 %  of conflicts
c subsumed:                   2138         0.09 %  of all clauses
c strengthened:                199         0.01 %  of all clauses
c ticks:                4709694850         4.42    propagation
c vivified:                     72         0.00 %  of all clauses
c weakened:                 346936         7.15    average size
c 
c seconds are measured in process time for solving
c 
c --- [ glue usage ] ---------------------------------------------------------
c 
c focused glue 2 used 2736 clauses 22.81% accumulated 63.92% tier1
c focused glue 3 used 478 clauses 3.986% accumulated 67.91% tier2
c 
c stable glue 2 used 15160 clauses 31.92% accumulated 71.67% tier1
c stable glue 3 used 1362 clauses 2.868% accumulated 74.54% tier2
c 
c 
c --- [ resources ] ----------------------------------------------------------
c 
c total process time since initialization:       299.96    seconds
c total real time since initialization:          300.00    seconds
c maximum resident set size of process:         1897.78    MB
c 
c --- [ shutting down ] ------------------------------------------------------
c 
c exit 0
c raising signal 15 (SIGTERM)
